// Jest Snapshot v1, https://goo.gl/fbAQLP

exports[`Test AnswerButton component should render properly 1`] = `
<ButtonComponent
  appearance="outline"
  onPress={[Function]}
  size="large"
  status="primary"
  style={
    Object {
      "marginHorizontal": 25,
    }
  }
>
  Test
</ButtonComponent>
`;
