// Jest Snapshot v1, https://goo.gl/fbAQLP

exports[`Test GameScreen container should render properly 1`] = `
<BaseLayout>
  <LayoutComponent
    style={
      Object {
        "paddingHorizontal": 25,
      }
    }
  >
    <TextComponent
      category="c1"
    >
      1
       of 
      1
    </TextComponent>
    <TextComponent
      category="c2"
    >
      Test Category
    </TextComponent>
    <TextComponent
      category="h4"
    >
      Is this a test?
    </TextComponent>
  </LayoutComponent>
  <AnswerChooser
    currentAnswer={Object {}}
    currentQuestion={
      Object {
        "category": "Test Category",
        "question": "Is this a test?",
      }
    }
    onChoose={[MockFunction]}
  />
</BaseLayout>
`;
