// Jest Snapshot v1, https://goo.gl/fbAQLP

exports[`Test MainScreen container should render properly 1`] = `
<BaseLayout>
  <LayoutComponent
    style={
      Object {
        "paddingHorizontal": 25,
        "textAlign": "center",
      }
    }
  >
    <TextComponent
      category="s1"
    >
      trivia is a simple "boolean" trivia game
    </TextComponent>
    <TextComponent
      category="s2"
    >
      are you good enough to score 100%?
    </TextComponent>
    <ButtonComponent
      onPress={[MockFunction]}
      size="large"
      style={
        Object {
          "marginTop": 25,
        }
      }
    >
      Start!
    </ButtonComponent>
  </LayoutComponent>
</BaseLayout>
`;
